---
source: gix-tix/src/edit/review.rs
expression: "gix_testtools::repository::snapshot_portable(fixture.path())?.to_string()"
---
HEAD refs/heads/main -> C4

[config]
[core]
    bare = false
[user]
    name = reviewer
    email = reviewer@example.com
[gitoxide "commit"]
    authorDate = 2001-01-01T00:00:00 +0000
    committerDate = 2001-01-01T00:00:00 +0000

[refs]
refs/heads/main = C4
refs/heads/review-successor = C3

[commits]
C0
  tree T2
  author reviewer <reviewer@example.com> 978307200 +0000
  committer reviewer <reviewer@example.com> 978307200 +0000

  base

C1
  tree T0
  parent C0
  author reviewer <reviewer@example.com> 978307200 +0000
  committer reviewer <reviewer@example.com> 978307200 +0000

  B

C2
  tree T1
  parent C1
  author reviewer <reviewer@example.com> 978307200 +0000
  committer reviewer <reviewer@example.com> 978307200 +0000
  change-id mskxtxntkkyslwvsqzlupkxrmkpormmxryoptmkv

  review

C3
  tree T1
  parent C2
  author reviewer <reviewer@example.com> 978307200 +0000
  committer reviewer <reviewer@example.com> 978307200 +0000
  change-id wxqrvqkzyzzppoxrxoqxokwnxqssvnrrvotryrkv

  review successor

C4
  tree T3
  parent C3
  author reviewer <reviewer@example.com> 978307200 +0000
  committer reviewer <reviewer@example.com> 978307200 +0000
  change-id xlpouomvnxrqllnkynsusvqwkkwnlrttmrvxquso

  A

[index]
tree = T3
100644 B0 stage=0 "file"
100644 B1 stage=0 "reviewed"
100644 B2 stage=0 "successor"

[worktree]
- file "file" = "B\n"
- file "reviewed" = "new review change\n"
- file "successor" = "A\n"
